{
  "id" : -420849389183709800,
  "page" : "ꔵ濖憠̗キ隲㡹뀐╣꿮壷␺鑭ꄂ궛嘉댾螕ဦ⛌旻ﬣ㥳䯉ࠑ떣鿃ˑҕ꩝낀ꠧꕪ瑪畒㙑淶耗嵗籪辶穭寣惹귒䞏쩗㦧᪢鄎焏饆ఔޙ㸞绨숀뢭覿䚽洨䉡캁斔唬䁾༣䎨겧୵濭퐥싉ￕǬ৸ꓴᓈ걉",
  "ts" : "+217969627-08-30T18:10:43.894Z"
}