{
  "visits" : {
    "" : {
      "id" : 1528085607708412268,
      "page" : "ᠪ﯂䮮ᱽ䘟튰難㻣襦埚菥ﹼΒ팳ዠ变褌끺䗚鮂쀋奇琔褬㟨䴊鍙༣鷵䓆騖֨炊柯౼",
      "ts" : "1969-12-31T23:59:59.999Z"
    },
    "ዩ쫟鮶쎴퓾ᲀ꽦뙤ડ黁迡ᎂ裍䂫㎍䣸饳蹞쎬㜊볨꿜纷詿币ᱡ螳폄틲䶯馥뚭ꌥ蔨覨炚簝ﾻᦚࣇ썦ﻹ殂ᡚ땀悼嘧究钰柵㩵町㘕雞蜴게ꠑ犴촆齱厝ⷐ弅量泘渖㦑뙕奶祣䰫ｬ厁鵚ꄞ炈甎㩜ᵠ鐮묷뤥뻶" : {
      "id" : -1544527942545826561,
      "page" : "⃈羌ծ췊䧩",
      "ts" : "+9268895-12-08T12:04:48.270Z"
    },
    "↺畮唵庬篂礘㓠ㄣ嶘禍꺓ຸ⺚➌ૉᛣ澍᫱뎕좥" : {
      "id" : -2974278917992033202,
      "page" : "퓃玳鿮钽“岱賆ㆢ얲졒嵘峱灸䶷뾯฿찻ﲸ훅ꊜ縧䵘澅읈鿰霽觤䋼ﷆ㿿恞",
      "ts" : "-84202424-03-24T05:01:45.402Z"
    },
    "⢀鲛᥏젬슐㨓絅̏쐇퀑鼧섃缎퓕֢㣞깂㇟付녣ꛙ袹齪Է頣疡㻖䓑៵쮘肨揜᲋鷦ᣦ馣챐⃽璜텋ꊚ訒첯奨泙ꂏ炐策鄉몦퇕赛훲㩏衽塓袤䨮涡帒ᓥ槖銛䌎↠㈀䑊횅褊엪Ⱔ꾩㡺" : {
      "id" : 6794698713275992975,
      "page" : "ꨬ꥾䀞㐾ᛍࣱ榵酁㩾ᡨ邂А匆觿땠劂盬Ⱘ鰖䢌럐渾캤莜㚒nᬰ⚽Ü䷙⩁뗸垕ꂇ陬ྺ궈먶뀇ᗾ⇁莥ூﰲ扟豀醔㐸㲿핲委䀷밨乽ఌ跌㩀㝠坏༇ዌག댟Ḟ匱䫨纱寚ꐖ摊꫁熕煿㩯峣偪롾峽᧩䟫㝁ٌ쵺薞",
      "ts" : "1970-01-01T00:00:00Z"
    },
    "㌯䛗´賏ⶂ莧賣擳ᶜ媧䡽씟᳿钙樂᯳쮒蛫勌ｕ䵗즽쾤૵ꁨ燀ⴽ켥䒄訑夌⣉섐轔⣧샕㘇" : {
      "id" : -2215410146052147859,
      "page" : "",
      "ts" : "+117130110-03-04T18:11:48.953Z"
    },
    "㥨팆쇷玌收赙蠅Αݬ䚦⺂벧謾㝋甄쇈䇬笡ꨱ糎锲牍" : {
      "id" : 5572144228669264068,
      "page" : "窱碛Ａ₥抄婼",
      "ts" : "-27986385-11-23T17:04:12.761Z"
    },
    "䋧ⴻ⋚攚쨾￵끰藍ꠦꇗꮗ唞盠芳​礅첉㭫ꡖᇃ黾嗘栆⎱쐮잖珼ꍷᇎ偈횐Ṕ쁗麣ꇡ" : {
      "id" : 5328863104139218956,
      "page" : "衅䡹讣맒鮽ᨵ씧鷋變洑둃ೞ䷃裛秈Ģ╄걵圂쒌羚쯟嘯좧ꘖⷦ齽韮쯄ﴬ䨽Ƴ﮵㨻ᰐ㘀⮏춪按қ揧碔⛋똨꾨ỽ揄ꐁខ뚞骍눢阋嗢劸ⲳご۩겣",
      "ts" : "+292278994-08-17T07:12:55.807Z"
    },
    "䮧䬉ȑᾯ冭慅嵄䨄촠攸" : {
      "id" : -1,
      "page" : "ࡃꢚ总Cⷡ⼟祆⒕঻ṻ纳⮧⩳妁ڡ뉱召࣑腗䍐턚ࢅ舢ฉ",
      "ts" : "+63645013-08-06T15:37:46.695Z"
    },
    "坕닰䵚Ἒ⠅麐鑔炶ͥ뭡呂格๻៻欠׉ែ䴧셚繤纋㡉쵆얃谬鱑䟥縉솝攡塾몐醞ᾠ鍅編꭛ㄑщ䌋藪⛄茦鮣䂦□" : {
      "id" : 112213946592790429,
      "page" : "䈬␂Ꜳᯡ䦺뽌缈唳桵뭾䃋휵ệ掉윝툄⻗칯뎍ጛÍ凹㐚㒼챦섆ྉ馲똸飸覌磨⚱ꫩ퉑䱨䤀냊웊禓湾ࠍ뢌᳡앖꛼죍",
      "ts" : "1970-01-01T00:00:00Z"
    },
    "壅몠" : {
      "id" : -6620561125148771553,
      "page" : "灡幭跪⏺즸昼䴄珃姥ⶖ鵭Ｈ燿┷韅쨓",
      "ts" : "1970-01-01T00:00:00.001Z"
    },
    "捸ﶴ餮詳卻췹⯚숤≣үᗓ軥涕퓵鋂붵" : {
      "id" : 1,
      "page" : "麜",
      "ts" : "+292278994-08-17T07:12:55.807Z"
    },
    "盯᳘쁸ﳡ콜ਤ⠳螙顚飙㼾퉰殒飪ࢷﻫ귕ꉬᙽ퇯ﯴ쵯璥旇林Е3᫟ஷޖ奍䠶㾻欪᣾砤䏫ችᙨ믕ꦰ⡇潻ᥑ彫碤瞟䒇됤썔诏㕗@긯讶梅鸹㛵⪧붯Ḗ㾬쵹Ꚅ畼䍕⍮䑲ꚧ눫楔荴訃ᴱ" : {
      "id" : 1264417823777421678,
      "page" : "\u001c拵䮠匜쐗",
      "ts" : "-292275055-05-16T16:47:04.192Z"
    },
    "緙뚤싳ᛚ恭ᲇ꺜〗脳嗥敊䜠炙ᒀἯ퐨༚अ뷐鑉㥎阎㰾炨먡뾧㓧ㆨ귈흢හ帗暳電츑٫蕡鵸嗶䕨䌃ᑳ솾ꕠ໳漵㏍韃᮲패❜Ḧᰵ뙔♺䈭㛞莅ﾊ" : {
      "id" : 9223372036854775807,
      "page" : "軈齘좼䨏˖쏳푦ᐄ촾㫌豬핧첵놺爗悖ꈊ瑈鶉뛴㲔쵸ᐩ㴬헪译㤎",
      "ts" : "1969-12-31T23:59:59.999Z"
    },
    "艙魊鎵ᅬʬ箎藯酾儃쩂玛蕬Ⴕ쯯ᰂ≗ⴻ⨙ꔵ쩨꺡乙璡懪⾬簱駼" : {
      "id" : -6280776095181134220,
      "page" : "Ῑ秷栽뱡⤪痗偂얅⅋顫㖥臀饅冖裬뀑颷ꏘ戛ྨ঒ಗﳎⁿ亼켱鋨ெ舢扡㚙垫䔬演쓲鄆׉ื뱹ῳ幢䖱ﶴ኱탒❞湐搂跕䐌㞶샵",
      "ts" : "-240406158-04-01T03:20:30.972Z"
    },
    "踮ᨨ즔朏穋瑢ⷳ꥖䷎汒㆗ᖶ䌤ﶂᶰ囂誁웮⛗䂲伲ꄘꍾꇺ楕へᰭ睝綵泅굒ɋ컒뢟ᖾꐢ꾕旕쮝贝뱭ᡰ澳鈪ྲ⒞獲ᘽ柀ꭜ礶ꭢ敏짚ﭕң鸥㘏渞嗈旓俸Л掺归쀊à" : {
      "id" : -6936168072117465796,
      "page" : "꬘໓黈䕜۴㚤吔춤뗑꜓禤띥挎㓪濢甆轊牸Ṫ〭㌸ꚉ⸥䘛ऱ夨黙뾺屧愲뛀䌫펫ቤ縤ᰋ눹凨㦀㬀笩뗜᭰΅䎽ᯩꛋ獻㢹⺋䧟껙ꨂགྷ郟굙ꧭ슀贷ꓜ鞥ՑⰭ銖哋ń䣁퉠椮襛䇼ꈿꔸﵲ뱍➡춿跥",
      "ts" : "-149139143-04-27T04:47:01.486Z"
    },
    "麟跴⬾ឬ玛칟ธ浳ᕏ䘱碫ᾐ얇힩䤁菶Ş溍械뤶촦갿餥系鸥삹鍆猬᠘秀䨮ࠃ誥훣黀䛐萈冯쳙㡿䋤ﳮꫢ렧ꌮ둑離성ᶕရ靍댺麯쉰昩详㡑䮨㵚俷ㅍ銙果䤬搸㑾䄆䅌Іꕥ艂끂裶翝ꌕﱼ솶顨꼨྘洺錻㪠" : {
      "id" : 1,
      "page" : "娡✹ᇊ๧艣蘞㶭衻먘대ঠ䞝ᰤ͌ꟻᱣ❱⺩躑᭽㼅㕆湰琦頻쯻쬶",
      "ts" : "+292278994-08-17T07:12:55.807Z"
    },
    "걒舝㐈壋갮䣥懚벣撯ᇸṄ炽⨹驎媽㷸餕鱼䱃朶ನබꉽ⫣叝ż᫳㖈ݍ摥긨檇䗗퉘﫾＂턐敎ᙕᄁ祁풔ꭕﻙ㩽嚃䒽ꋠڶ窯軖낞௄侚갏Ứ쬰骴蹮Ꟗ嚅㒀剕ӏ笑" : {
      "id" : 1,
      "page" : "狹竒楻䌒됺曦꿥嚆◙鼶殊淹厀듑紜툾煦ಐ郻뀿彎巢卢덝兩렰帑頇ᮖ﷣ⱑ᧸⑯㻥룆嫵層",
      "ts" : "-168532164-09-17T15:43:35.198Z"
    },
    "쀰氄▄뾐쀇豺즷蘖⸘鱃룄ꉕ朣佮쾤藮࿜흝餠譝낳읃" : {
      "id" : 0,
      "page" : "⫕橶",
      "ts" : "+292278994-08-17T07:12:55.807Z"
    },
    "䲄硗ץ棑앯뜧㕬㒄㭊⎁﯈書榼㫃溿嘥ᔴ拳沠啢㯒㒟ﺸ䚵礮̀瀳뿽耞涚⁷䥆륩凐縕眴䭁ꫨ堎䮏啷쏽谻㏶ﻧ௨" : {
      "id" : 1,
      "page" : "烿ƬЌ郆",
      "ts" : "1970-01-01T00:00:00.001Z"
    },
    "돾붷楯⑦짖酟쐃Ꭿ軙憧◚蒛ൃᅂ챦혺誵︅緑" : {
      "id" : 2335342149898109022,
      "page" : "埇ﳚ묉ꌪ髯駮と굴䛁꟤芲襶ﴝ褗챯棇澪舾栩伣肮佔髺塩淔剷蕤㨯ﷰ䑇좞靽嵗即춰句椷㓌斦庙⺷眪猨",
      "ts" : "-85600380-07-18T06:46:36.853Z"
    },
    "玷飘鉶闉틷㺄淝闸髝帑볟養淜댕﻿ힼ漓ꕶђ㐖낇ꋝ䁗瑮츢ɷ৞齶㙿ﱚ౴ꎆ噺ⷍ⤺ᷕ們" : {
      "id" : 0,
      "page" : "௲鯐㉜ຼ遻˲航࿌軺겶굸慬ẫ낷瑆ᢻ﮲坒굒筱퀅㵳顔瞒ᮅ偣ҁ櫇붦襮疹횘ꨛ͠ꬱ曽橑㿠ಱ泟㯾஺꣇෌癟闭釚啹",
      "ts" : "-97442720-09-27T06:29:56.259Z"
    },
    "鑭鑉㶜搔楽䐘ዪ㨄챕꣛驽쎎䟼ꘑ⫈䤡ᴤᑈ⥅襸입윗ᨓ杇枡䟟푐鱀뢋䉭ପ䒱쓗觼ⷫ盉늙꾎酙Ǿ䥍훔Ⴅ楠吘᭬⎱簮뎑䒢쉈଩㼷ㆡ뉌戉ﹸ㥮뽵꙾ট롏ᕄ⩂" : {
      "id" : 602934125087030784,
      "page" : "슣浱꟪䆻꨹菬쑳픛샛ᄊ⩐嶳棏逑롖뗛缚桌왁ᪧ챢ꄛ췙癌ᡪ㾤糚ઇؤꊒব屃㿃傄岚妼뱛㳶ﮊ뵞䕒ⷨ夜⩙䖊鲇ຨ搡",
      "ts" : "1970-01-01T00:00:00.001Z"
    },
    "萅̱遏觬㎍탲̭⭍夿堫俟쥸ᮍᵨ켁缌ﵨҲ鳥魔ᱽ郖鷙۪宁彄ꬩ趙끂᯶쨏뾀ॠἍ銗껚콁䞶蓚ႂ뼈⚙텀벋⨿ｸ㌠ﾋ믲ቈ虎䭕﫹ᎈᬂ슻눋㮦⼓鴯舻⚌靵泵妓運翜ୠ芹봱睿㷭햮뫑者ɿ㊝ⱈᩜ謼ꪉ﷉夯繟" : {
      "id" : -7856724166217204017,
      "page" : "蘞ߒ顿拮精嘑髮꘬☙ﻚ絟첎⓷勔ꁛੵ↷炝௯粧᜜㬍ཐ흰恇☉",
      "ts" : "1970-01-01T00:00:00.001Z"
    }
  }
}